192.168.128.1 - - [13/Dec/2019:12:57:01 +0000] "GET / HTTP/1.1" 302 310 "-" "Mozilla/5.0 (X11; Linux x86_64) AppleWebKit/537.36 (KHTML, like Gecko) Chrome/79.0.3945.79 Safari/537.36"
192.168.128.1 - - [13/Dec/2019:12:57:01 +0000] "GET /se-connecter HTTP/1.1" 200 53846 "-" "Mozilla/5.0 (X11; Linux x86_64) AppleWebKit/537.36 (KHTML, like Gecko) Chrome/79.0.3945.79 Safari/537.36"
192.168.128.1 - - [13/Dec/2019:12:57:01 +0000] "GET /build/app.css HTTP/1.1" 200 616335 "http://localhost:8001/se-connecter" "Mozilla/5.0 (X11; Linux x86_64) AppleWebKit/537.36 (KHTML, like Gecko) Chrome/79.0.3945.79 Safari/537.36"
192.168.128.1 - - [13/Dec/2019:12:57:01 +0000] "GET /build/images/logo.e7f1ffeb.png HTTP/1.1" 200 133503 "http://localhost:8001/se-connecter" "Mozilla/5.0 (X11; Linux x86_64) AppleWebKit/537.36 (KHTML, like Gecko) Chrome/79.0.3945.79 Safari/537.36"
192.168.128.1 - - [13/Dec/2019:12:57:01 +0000] "GET /build/login.css HTTP/1.1" 200 1078 "http://localhost:8001/se-connecter" "Mozilla/5.0 (X11; Linux x86_64) AppleWebKit/537.36 (KHTML, like Gecko) Chrome/79.0.3945.79 Safari/537.36"
192.168.128.1 - - [13/Dec/2019:12:57:01 +0000] "GET /build/runtime.js HTTP/1.1" 200 14723 "http://localhost:8001/se-connecter" "Mozilla/5.0 (X11; Linux x86_64) AppleWebKit/537.36 (KHTML, like Gecko) Chrome/79.0.3945.79 Safari/537.36"
192.168.128.1 - - [13/Dec/2019:12:57:01 +0000] "GET /build/vendors~app~dashboard~login.js HTTP/1.1" 200 770408 "http://localhost:8001/se-connecter" "Mozilla/5.0 (X11; Linux x86_64) AppleWebKit/537.36 (KHTML, like Gecko) Chrome/79.0.3945.79 Safari/537.36"
192.168.128.1 - - [13/Dec/2019:12:57:01 +0000] "GET /build/app.js HTTP/1.1" 200 9214 "http://localhost:8001/se-connecter" "Mozilla/5.0 (X11; Linux x86_64) AppleWebKit/537.36 (KHTML, like Gecko) Chrome/79.0.3945.79 Safari/537.36"
192.168.128.1 - - [13/Dec/2019:12:57:01 +0000] "GET /build/vendors~app.js HTTP/1.1" 200 583216 "http://localhost:8001/se-connecter" "Mozilla/5.0 (X11; Linux x86_64) AppleWebKit/537.36 (KHTML, like Gecko) Chrome/79.0.3945.79 Safari/537.36"
192.168.128.1 - - [13/Dec/2019:12:57:01 +0000] "GET /build/login.js HTTP/1.1" 200 9463 "http://localhost:8001/se-connecter" "Mozilla/5.0 (X11; Linux x86_64) AppleWebKit/537.36 (KHTML, like Gecko) Chrome/79.0.3945.79 Safari/537.36"
192.168.128.1 - - [13/Dec/2019:12:57:01 +0000] "GET /build/images/layout_without_menu.1af34f50.jpg HTTP/1.1" 200 210461 "http://localhost:8001/se-connecter" "Mozilla/5.0 (X11; Linux x86_64) AppleWebKit/537.36 (KHTML, like Gecko) Chrome/79.0.3945.79 Safari/537.36"
192.168.128.1 - - [13/Dec/2019:12:57:01 +0000] "GET /_wdt/634312 HTTP/1.1" 200 22183 "http://localhost:8001/se-connecter" "Mozilla/5.0 (X11; Linux x86_64) AppleWebKit/537.36 (KHTML, like Gecko) Chrome/79.0.3945.79 Safari/537.36"
192.168.128.1 - - [13/Dec/2019:12:57:02 +0000] "GET /favicon.ico HTTP/1.1" 200 21822 "http://localhost:8001/se-connecter" "Mozilla/5.0 (X11; Linux x86_64) AppleWebKit/537.36 (KHTML, like Gecko) Chrome/79.0.3945.79 Safari/537.36"
192.168.128.1 - - [13/Dec/2019:12:57:05 +0000] "GET /se-connecter HTTP/1.1" 200 53869 "-" "Mozilla/5.0 (X11; Linux x86_64) AppleWebKit/537.36 (KHTML, like Gecko) Chrome/79.0.3945.79 Safari/537.36"
192.168.128.1 - - [13/Dec/2019:12:57:05 +0000] "GET /build/app.css HTTP/1.1" 304 0 "http://localhost:8001/se-connecter" "Mozilla/5.0 (X11; Linux x86_64) AppleWebKit/537.36 (KHTML, like Gecko) Chrome/79.0.3945.79 Safari/537.36"
192.168.128.1 - - [13/Dec/2019:12:57:05 +0000] "GET /build/login.css HTTP/1.1" 304 0 "http://localhost:8001/se-connecter" "Mozilla/5.0 (X11; Linux x86_64) AppleWebKit/537.36 (KHTML, like Gecko) Chrome/79.0.3945.79 Safari/537.36"
192.168.128.1 - - [13/Dec/2019:12:57:05 +0000] "GET /build/images/logo.e7f1ffeb.png HTTP/1.1" 304 0 "http://localhost:8001/se-connecter" "Mozilla/5.0 (X11; Linux x86_64) AppleWebKit/537.36 (KHTML, like Gecko) Chrome/79.0.3945.79 Safari/537.36"
192.168.128.1 - - [13/Dec/2019:12:57:05 +0000] "GET /build/runtime.js HTTP/1.1" 304 0 "http://localhost:8001/se-connecter" "Mozilla/5.0 (X11; Linux x86_64) AppleWebKit/537.36 (KHTML, like Gecko) Chrome/79.0.3945.79 Safari/537.36"
192.168.128.1 - - [13/Dec/2019:12:57:05 +0000] "GET /build/vendors~app~dashboard~login.js HTTP/1.1" 304 0 "http://localhost:8001/se-connecter" "Mozilla/5.0 (X11; Linux x86_64) AppleWebKit/537.36 (KHTML, like Gecko) Chrome/79.0.3945.79 Safari/537.36"
192.168.128.1 - - [13/Dec/2019:12:57:05 +0000] "GET /build/app.js HTTP/1.1" 304 0 "http://localhost:8001/se-connecter" "Mozilla/5.0 (X11; Linux x86_64) AppleWebKit/537.36 (KHTML, like Gecko) Chrome/79.0.3945.79 Safari/537.36"
192.168.128.1 - - [13/Dec/2019:12:57:05 +0000] "GET /build/vendors~app.js HTTP/1.1" 304 0 "http://localhost:8001/se-connecter" "Mozilla/5.0 (X11; Linux x86_64) AppleWebKit/537.36 (KHTML, like Gecko) Chrome/79.0.3945.79 Safari/537.36"
192.168.128.1 - - [13/Dec/2019:12:57:05 +0000] "GET /build/login.js HTTP/1.1" 304 0 "http://localhost:8001/se-connecter" "Mozilla/5.0 (X11; Linux x86_64) AppleWebKit/537.36 (KHTML, like Gecko) Chrome/79.0.3945.79 Safari/537.36"
192.168.128.1 - - [13/Dec/2019:12:57:05 +0000] "GET /build/images/layout_without_menu.1af34f50.jpg HTTP/1.1" 304 0 "http://localhost:8001/se-connecter" "Mozilla/5.0 (X11; Linux x86_64) AppleWebKit/537.36 (KHTML, like Gecko) Chrome/79.0.3945.79 Safari/537.36"
192.168.128.1 - - [13/Dec/2019:12:57:05 +0000] "GET /_wdt/b7625f HTTP/1.1" 200 20843 "http://localhost:8001/se-connecter" "Mozilla/5.0 (X11; Linux x86_64) AppleWebKit/537.36 (KHTML, like Gecko) Chrome/79.0.3945.79 Safari/537.36"
192.168.128.1 - - [13/Dec/2019:12:57:05 +0000] "GET /favicon.ico HTTP/1.1" 200 21822 "http://localhost:8001/se-connecter" "Mozilla/5.0 (X11; Linux x86_64) AppleWebKit/537.36 (KHTML, like Gecko) Chrome/79.0.3945.79 Safari/537.36"
192.168.128.1 - - [13/Dec/2019:12:58:38 +0000] "POST /se-connecter HTTP/1.1" 302 261 "http://localhost:8001/se-connecter" "Mozilla/5.0 (X11; Linux x86_64) AppleWebKit/537.36 (KHTML, like Gecko) Chrome/79.0.3945.79 Safari/537.36"
192.168.128.1 - - [13/Dec/2019:12:58:38 +0000] "GET / HTTP/1.1" 302 426 "http://localhost:8001/se-connecter" "Mozilla/5.0 (X11; Linux x86_64) AppleWebKit/537.36 (KHTML, like Gecko) Chrome/79.0.3945.79 Safari/537.36"
192.168.128.1 - - [13/Dec/2019:12:58:38 +0000] "GET /dashboard?menuIndex=1&submenuIndex=-1 HTTP/1.1" 200 66848 "http://localhost:8001/se-connecter" "Mozilla/5.0 (X11; Linux x86_64) AppleWebKit/537.36 (KHTML, like Gecko) Chrome/79.0.3945.79 Safari/537.36"
192.168.128.1 - - [13/Dec/2019:12:58:38 +0000] "GET /build/dashboard.css HTTP/1.1" 200 340 "http://localhost:8001/dashboard?menuIndex=1&submenuIndex=-1" "Mozilla/5.0 (X11; Linux x86_64) AppleWebKit/537.36 (KHTML, like Gecko) Chrome/79.0.3945.79 Safari/537.36"
192.168.128.1 - - [13/Dec/2019:12:58:38 +0000] "GET /build/dashboard.js HTTP/1.1" 200 12047 "http://localhost:8001/dashboard?menuIndex=1&submenuIndex=-1" "Mozilla/5.0 (X11; Linux x86_64) AppleWebKit/537.36 (KHTML, like Gecko) Chrome/79.0.3945.79 Safari/537.36"
192.168.128.1 - - [13/Dec/2019:12:58:38 +0000] "GET /build/app.css HTTP/1.1" 304 0 "http://localhost:8001/dashboard?menuIndex=1&submenuIndex=-1" "Mozilla/5.0 (X11; Linux x86_64) AppleWebKit/537.36 (KHTML, like Gecko) Chrome/79.0.3945.79 Safari/537.36"
192.168.128.1 - - [13/Dec/2019:12:58:38 +0000] "GET /build/runtime.js HTTP/1.1" 304 0 "http://localhost:8001/dashboard?menuIndex=1&submenuIndex=-1" "Mozilla/5.0 (X11; Linux x86_64) AppleWebKit/537.36 (KHTML, like Gecko) Chrome/79.0.3945.79 Safari/537.36"
192.168.128.1 - - [13/Dec/2019:12:58:38 +0000] "GET /build/vendors~app.js HTTP/1.1" 304 0 "http://localhost:8001/dashboard?menuIndex=1&submenuIndex=-1" "Mozilla/5.0 (X11; Linux x86_64) AppleWebKit/537.36 (KHTML, like Gecko) Chrome/79.0.3945.79 Safari/537.36"
192.168.128.1 - - [13/Dec/2019:12:58:38 +0000] "GET /build/vendors~app~dashboard~login.js HTTP/1.1" 304 0 "http://localhost:8001/dashboard?menuIndex=1&submenuIndex=-1" "Mozilla/5.0 (X11; Linux x86_64) AppleWebKit/537.36 (KHTML, like Gecko) Chrome/79.0.3945.79 Safari/537.36"
192.168.128.1 - - [13/Dec/2019:12:58:38 +0000] "GET /build/app.js HTTP/1.1" 304 0 "http://localhost:8001/dashboard?menuIndex=1&submenuIndex=-1" "Mozilla/5.0 (X11; Linux x86_64) AppleWebKit/537.36 (KHTML, like Gecko) Chrome/79.0.3945.79 Safari/537.36"
192.168.128.1 - - [13/Dec/2019:12:58:38 +0000] "GET /bundles/easyadmin/app.css HTTP/1.1" 200 291304 "http://localhost:8001/dashboard?menuIndex=1&submenuIndex=-1" "Mozilla/5.0 (X11; Linux x86_64) AppleWebKit/537.36 (KHTML, like Gecko) Chrome/79.0.3945.79 Safari/537.36"
192.168.128.1 - - [13/Dec/2019:12:58:38 +0000] "GET /bundles/easyadmin/app.js HTTP/1.1" 200 262734 "http://localhost:8001/dashboard?menuIndex=1&submenuIndex=-1" "Mozilla/5.0 (X11; Linux x86_64) AppleWebKit/537.36 (KHTML, like Gecko) Chrome/79.0.3945.79 Safari/537.36"
192.168.128.1 - - [13/Dec/2019:12:58:39 +0000] "GET /bundles/easyadmin/fonts/fa-solid-900.44d537ab.woff2 HTTP/1.1" 200 75728 "http://localhost:8001/bundles/easyadmin/app.css" "Mozilla/5.0 (X11; Linux x86_64) AppleWebKit/537.36 (KHTML, like Gecko) Chrome/79.0.3945.79 Safari/537.36"
192.168.128.1 - - [13/Dec/2019:12:58:39 +0000] "GET /_wdt/7c3209 HTTP/1.1" 200 23398 "http://localhost:8001/dashboard?menuIndex=1&submenuIndex=-1" "Mozilla/5.0 (X11; Linux x86_64) AppleWebKit/537.36 (KHTML, like Gecko) Chrome/79.0.3945.79 Safari/537.36"
192.168.128.1 - - [13/Dec/2019:12:58:46 +0000] "GET /tma-activity/1?_=1576241919031 HTTP/1.1" 200 924 "http://localhost:8001/dashboard?menuIndex=1&submenuIndex=-1" "Mozilla/5.0 (X11; Linux x86_64) AppleWebKit/537.36 (KHTML, like Gecko) Chrome/79.0.3945.79 Safari/537.36"
192.168.128.1 - - [13/Dec/2019:12:58:49 +0000] "GET /?entity=ProjectFollowed&action=list&menuIndex=2&submenuIndex=-1 HTTP/1.1" 200 73086 "http://localhost:8001/dashboard?menuIndex=1&submenuIndex=-1" "Mozilla/5.0 (X11; Linux x86_64) AppleWebKit/537.36 (KHTML, like Gecko) Chrome/79.0.3945.79 Safari/537.36"
192.168.128.1 - - [13/Dec/2019:12:58:49 +0000] "GET /_wdt/e1adfb HTTP/1.1" 200 25316 "http://localhost:8001/?entity=ProjectFollowed&action=list&menuIndex=2&submenuIndex=-1" "Mozilla/5.0 (X11; Linux x86_64) AppleWebKit/537.36 (KHTML, like Gecko) Chrome/79.0.3945.79 Safari/537.36"
192.168.128.1 - - [13/Dec/2019:12:58:50 +0000] "GET /?entity=Project&action=list&menuIndex=4&submenuIndex=-1 HTTP/1.1" 200 83046 "http://localhost:8001/?entity=ProjectFollowed&action=list&menuIndex=2&submenuIndex=-1" "Mozilla/5.0 (X11; Linux x86_64) AppleWebKit/537.36 (KHTML, like Gecko) Chrome/79.0.3945.79 Safari/537.36"
192.168.128.1 - - [13/Dec/2019:12:58:51 +0000] "GET /build/app.css HTTP/1.1" 304 0 "http://localhost:8001/?entity=Project&action=list&menuIndex=4&submenuIndex=-1" "Mozilla/5.0 (X11; Linux x86_64) AppleWebKit/537.36 (KHTML, like Gecko) Chrome/79.0.3945.79 Safari/537.36"
192.168.128.1 - - [13/Dec/2019:12:58:51 +0000] "GET /build/runtime.js HTTP/1.1" 304 0 "http://localhost:8001/?entity=Project&action=list&menuIndex=4&submenuIndex=-1" "Mozilla/5.0 (X11; Linux x86_64) AppleWebKit/537.36 (KHTML, like Gecko) Chrome/79.0.3945.79 Safari/537.36"
192.168.128.1 - - [13/Dec/2019:12:58:51 +0000] "GET /build/vendors~app~dashboard~login.js HTTP/1.1" 304 0 "http://localhost:8001/?entity=Project&action=list&menuIndex=4&submenuIndex=-1" "Mozilla/5.0 (X11; Linux x86_64) AppleWebKit/537.36 (KHTML, like Gecko) Chrome/79.0.3945.79 Safari/537.36"
192.168.128.1 - - [13/Dec/2019:12:58:51 +0000] "GET /build/vendors~app.js HTTP/1.1" 304 0 "http://localhost:8001/?entity=Project&action=list&menuIndex=4&submenuIndex=-1" "Mozilla/5.0 (X11; Linux x86_64) AppleWebKit/537.36 (KHTML, like Gecko) Chrome/79.0.3945.79 Safari/537.36"
192.168.128.1 - - [13/Dec/2019:12:58:51 +0000] "GET /build/app.js HTTP/1.1" 304 0 "http://localhost:8001/?entity=Project&action=list&menuIndex=4&submenuIndex=-1" "Mozilla/5.0 (X11; Linux x86_64) AppleWebKit/537.36 (KHTML, like Gecko) Chrome/79.0.3945.79 Safari/537.36"
192.168.128.1 - - [13/Dec/2019:12:58:51 +0000] "GET /_wdt/284ec9 HTTP/1.1" 200 25305 "http://localhost:8001/?entity=Project&action=list&menuIndex=4&submenuIndex=-1" "Mozilla/5.0 (X11; Linux x86_64) AppleWebKit/537.36 (KHTML, like Gecko) Chrome/79.0.3945.79 Safari/537.36"
192.168.128.1 - - [13/Dec/2019:12:58:53 +0000] "GET /dashboard?menuIndex=1&submenuIndex=-1 HTTP/1.1" 200 66809 "http://localhost:8001/?entity=Project&action=list&menuIndex=4&submenuIndex=-1" "Mozilla/5.0 (X11; Linux x86_64) AppleWebKit/537.36 (KHTML, like Gecko) Chrome/79.0.3945.79 Safari/537.36"
192.168.128.1 - - [13/Dec/2019:12:58:53 +0000] "GET /build/dashboard.css HTTP/1.1" 304 0 "http://localhost:8001/dashboard?menuIndex=1&submenuIndex=-1" "Mozilla/5.0 (X11; Linux x86_64) AppleWebKit/537.36 (KHTML, like Gecko) Chrome/79.0.3945.79 Safari/537.36"
192.168.128.1 - - [13/Dec/2019:12:58:53 +0000] "GET /build/dashboard.js HTTP/1.1" 304 0 "http://localhost:8001/dashboard?menuIndex=1&submenuIndex=-1" "Mozilla/5.0 (X11; Linux x86_64) AppleWebKit/537.36 (KHTML, like Gecko) Chrome/79.0.3945.79 Safari/537.36"
192.168.128.1 - - [13/Dec/2019:12:58:53 +0000] "GET /_wdt/2a7133 HTTP/1.1" 200 22039 "http://localhost:8001/dashboard?menuIndex=1&submenuIndex=-1" "Mozilla/5.0 (X11; Linux x86_64) AppleWebKit/537.36 (KHTML, like Gecko) Chrome/79.0.3945.79 Safari/537.36"
192.168.128.1 - - [13/Dec/2019:12:58:54 +0000] "GET /?entity=Project&action=show&id=1 HTTP/1.1" 200 76535 "http://localhost:8001/dashboard?menuIndex=1&submenuIndex=-1" "Mozilla/5.0 (X11; Linux x86_64) AppleWebKit/537.36 (KHTML, like Gecko) Chrome/79.0.3945.79 Safari/537.36"
192.168.128.1 - - [13/Dec/2019:12:58:54 +0000] "GET /_wdt/897c25 HTTP/1.1" 200 25303 "http://localhost:8001/?entity=Project&action=show&id=1" "Mozilla/5.0 (X11; Linux x86_64) AppleWebKit/537.36 (KHTML, like Gecko) Chrome/79.0.3945.79 Safari/537.36"
192.168.128.1 - - [13/Dec/2019:12:58:54 +0000] "GET /bundles/easyadmin/fonts/fa-regular-400.f5f2566b.woff2 HTTP/1.1" 200 13584 "http://localhost:8001/bundles/easyadmin/app.css" "Mozilla/5.0 (X11; Linux x86_64) AppleWebKit/537.36 (KHTML, like Gecko) Chrome/79.0.3945.79 Safari/537.36"
192.168.128.1 - - [13/Dec/2019:12:58:57 +0000] "GET /?entity=User&action=list&menuIndex=6&submenuIndex=-1 HTTP/1.1" 200 78102 "http://localhost:8001/?entity=Project&action=show&id=1" "Mozilla/5.0 (X11; Linux x86_64) AppleWebKit/537.36 (KHTML, like Gecko) Chrome/79.0.3945.79 Safari/537.36"
192.168.128.1 - - [13/Dec/2019:12:58:57 +0000] "GET /bundles/easyadmin/app.css HTTP/1.1" 304 0 "http://localhost:8001/?entity=User&action=list&menuIndex=6&submenuIndex=-1" "Mozilla/5.0 (X11; Linux x86_64) AppleWebKit/537.36 (KHTML, like Gecko) Chrome/79.0.3945.79 Safari/537.36"
192.168.128.1 - - [13/Dec/2019:12:58:57 +0000] "GET /bundles/easyadmin/app.js HTTP/1.1" 304 0 "http://localhost:8001/?entity=User&action=list&menuIndex=6&submenuIndex=-1" "Mozilla/5.0 (X11; Linux x86_64) AppleWebKit/537.36 (KHTML, like Gecko) Chrome/79.0.3945.79 Safari/537.36"
192.168.128.1 - - [13/Dec/2019:12:58:58 +0000] "GET /_wdt/af6bca HTTP/1.1" 200 25303 "http://localhost:8001/?entity=User&action=list&menuIndex=6&submenuIndex=-1" "Mozilla/5.0 (X11; Linux x86_64) AppleWebKit/537.36 (KHTML, like Gecko) Chrome/79.0.3945.79 Safari/537.36"
192.168.128.1 - - [13/Dec/2019:12:58:58 +0000] "GET /bundles/easyadmin/fonts/fa-solid-900.44d537ab.woff2 HTTP/1.1" 304 0 "http://localhost:8001/bundles/easyadmin/app.css" "Mozilla/5.0 (X11; Linux x86_64) AppleWebKit/537.36 (KHTML, like Gecko) Chrome/79.0.3945.79 Safari/537.36"
192.168.128.1 - - [13/Dec/2019:12:59:01 +0000] "GET /dashboard?menuIndex=1&submenuIndex=-1 HTTP/1.1" 200 66848 "http://localhost:8001/?entity=User&action=list&menuIndex=6&submenuIndex=-1" "Mozilla/5.0 (X11; Linux x86_64) AppleWebKit/537.36 (KHTML, like Gecko) Chrome/79.0.3945.79 Safari/537.36"
192.168.128.1 - - [13/Dec/2019:12:59:01 +0000] "GET /_wdt/e5f028 HTTP/1.1" 200 22047 "http://localhost:8001/dashboard?menuIndex=1&submenuIndex=-1" "Mozilla/5.0 (X11; Linux x86_64) AppleWebKit/537.36 (KHTML, like Gecko) Chrome/79.0.3945.79 Safari/537.36"
192.168.128.1 - - [13/Dec/2019:12:59:03 +0000] "GET /?entity=User&action=list&menuIndex=6&submenuIndex=-1 HTTP/1.1" 200 78101 "http://localhost:8001/dashboard?menuIndex=1&submenuIndex=-1" "Mozilla/5.0 (X11; Linux x86_64) AppleWebKit/537.36 (KHTML, like Gecko) Chrome/79.0.3945.79 Safari/537.36"
192.168.128.1 - - [13/Dec/2019:12:59:04 +0000] "GET /_wdt/16c5dd HTTP/1.1" 200 25303 "http://localhost:8001/?entity=User&action=list&menuIndex=6&submenuIndex=-1" "Mozilla/5.0 (X11; Linux x86_64) AppleWebKit/537.36 (KHTML, like Gecko) Chrome/79.0.3945.79 Safari/537.36"
192.168.128.1 - - [13/Dec/2019:12:59:05 +0000] "GET /dashboard?menuIndex=1&submenuIndex=-1 HTTP/1.1" 200 66848 "http://localhost:8001/?entity=User&action=list&menuIndex=6&submenuIndex=-1" "Mozilla/5.0 (X11; Linux x86_64) AppleWebKit/537.36 (KHTML, like Gecko) Chrome/79.0.3945.79 Safari/537.36"
192.168.128.1 - - [13/Dec/2019:12:59:05 +0000] "GET /build/app.css HTTP/1.1" 304 0 "http://localhost:8001/dashboard?menuIndex=1&submenuIndex=-1" "Mozilla/5.0 (X11; Linux x86_64) AppleWebKit/537.36 (KHTML, like Gecko) Chrome/79.0.3945.79 Safari/537.36"
192.168.128.1 - - [13/Dec/2019:12:59:05 +0000] "GET /build/runtime.js HTTP/1.1" 304 0 "http://localhost:8001/dashboard?menuIndex=1&submenuIndex=-1" "Mozilla/5.0 (X11; Linux x86_64) AppleWebKit/537.36 (KHTML, like Gecko) Chrome/79.0.3945.79 Safari/537.36"
192.168.128.1 - - [13/Dec/2019:12:59:05 +0000] "GET /build/vendors~app~dashboard~login.js HTTP/1.1" 304 0 "http://localhost:8001/dashboard?menuIndex=1&submenuIndex=-1" "Mozilla/5.0 (X11; Linux x86_64) AppleWebKit/537.36 (KHTML, like Gecko) Chrome/79.0.3945.79 Safari/537.36"
192.168.128.1 - - [13/Dec/2019:12:59:05 +0000] "GET /build/vendors~app.js HTTP/1.1" 304 0 "http://localhost:8001/dashboard?menuIndex=1&submenuIndex=-1" "Mozilla/5.0 (X11; Linux x86_64) AppleWebKit/537.36 (KHTML, like Gecko) Chrome/79.0.3945.79 Safari/537.36"
192.168.128.1 - - [13/Dec/2019:12:59:05 +0000] "GET /build/app.js HTTP/1.1" 304 0 "http://localhost:8001/dashboard?menuIndex=1&submenuIndex=-1" "Mozilla/5.0 (X11; Linux x86_64) AppleWebKit/537.36 (KHTML, like Gecko) Chrome/79.0.3945.79 Safari/537.36"
192.168.128.1 - - [13/Dec/2019:12:59:05 +0000] "GET /_wdt/2bcaf9 HTTP/1.1" 200 22055 "http://localhost:8001/dashboard?menuIndex=1&submenuIndex=-1" "Mozilla/5.0 (X11; Linux x86_64) AppleWebKit/537.36 (KHTML, like Gecko) Chrome/79.0.3945.79 Safari/537.36"
192.168.128.1 - - [13/Dec/2019:12:59:06 +0000] "GET /dashboard?menuIndex=1&submenuIndex=-1 HTTP/1.1" 200 66848 "http://localhost:8001/dashboard?menuIndex=1&submenuIndex=-1" "Mozilla/5.0 (X11; Linux x86_64) AppleWebKit/537.36 (KHTML, like Gecko) Chrome/79.0.3945.79 Safari/537.36"
192.168.128.1 - - [13/Dec/2019:12:59:06 +0000] "GET /_wdt/5be103 HTTP/1.1" 200 22055 "http://localhost:8001/dashboard?menuIndex=1&submenuIndex=-1" "Mozilla/5.0 (X11; Linux x86_64) AppleWebKit/537.36 (KHTML, like Gecko) Chrome/79.0.3945.79 Safari/537.36"
192.168.128.1 - - [13/Dec/2019:12:59:07 +0000] "GET /dashboard?menuIndex=1&submenuIndex=-1 HTTP/1.1" 200 66848 "http://localhost:8001/dashboard?menuIndex=1&submenuIndex=-1" "Mozilla/5.0 (X11; Linux x86_64) AppleWebKit/537.36 (KHTML, like Gecko) Chrome/79.0.3945.79 Safari/537.36"
192.168.128.1 - - [13/Dec/2019:12:59:07 +0000] "GET /build/dashboard.css HTTP/1.1" 304 0 "http://localhost:8001/dashboard?menuIndex=1&submenuIndex=-1" "Mozilla/5.0 (X11; Linux x86_64) AppleWebKit/537.36 (KHTML, like Gecko) Chrome/79.0.3945.79 Safari/537.36"
192.168.128.1 - - [13/Dec/2019:12:59:07 +0000] "GET /build/dashboard.js HTTP/1.1" 304 0 "http://localhost:8001/dashboard?menuIndex=1&submenuIndex=-1" "Mozilla/5.0 (X11; Linux x86_64) AppleWebKit/537.36 (KHTML, like Gecko) Chrome/79.0.3945.79 Safari/537.36"
192.168.128.1 - - [13/Dec/2019:12:59:07 +0000] "GET /_wdt/1f56e0 HTTP/1.1" 200 22055 "http://localhost:8001/dashboard?menuIndex=1&submenuIndex=-1" "Mozilla/5.0 (X11; Linux x86_64) AppleWebKit/537.36 (KHTML, like Gecko) Chrome/79.0.3945.79 Safari/537.36"
172.22.0.1 - - [13/Dec/2019:14:17:04 +0000] "GET /app_dev.php HTTP/1.1" 404 555 "-" "Mozilla/5.0 (X11; Linux x86_64) AppleWebKit/537.36 (KHTML, like Gecko) Chrome/78.0.3904.108 Safari/537.36"
172.22.0.1 - - [13/Dec/2019:14:17:04 +0000] "GET /favicon.ico HTTP/1.1" 404 176720 "http://localhost:8001/app_dev.php" "Mozilla/5.0 (X11; Linux x86_64) AppleWebKit/537.36 (KHTML, like Gecko) Chrome/78.0.3904.108 Safari/537.36"
172.22.0.1 - - [13/Dec/2019:14:18:20 +0000] "GET / HTTP/1.1" 404 31961 "-" "Mozilla/5.0 (X11; Linux x86_64) AppleWebKit/537.36 (KHTML, like Gecko) Chrome/78.0.3904.108 Safari/537.36"
10.0.0.83 - - [13/Dec/2019:14:27:24 +0000] "GET / HTTP/1.1" 404 31945 "-" "Mozilla/5.0 (Windows NT 10.0; Win64; x64) AppleWebKit/537.36 (KHTML, like Gecko) Chrome/79.0.3945.79 Safari/537.36"
10.0.0.83 - - [13/Dec/2019:14:27:24 +0000] "GET /robots.txt HTTP/1.1" 404 176417 "-" "Mozilla/5.0 (Windows NT 10.0; Win64; x64) AppleWebKit/537.36 (KHTML, like Gecko) Chrome/79.0.3945.79 Safari/537.36"
10.0.0.83 - - [13/Dec/2019:14:27:24 +0000] "GET /favicon.ico HTTP/1.1" 404 176693 "http://10.0.0.147:8001/" "Mozilla/5.0 (Windows NT 10.0; Win64; x64) AppleWebKit/537.36 (KHTML, like Gecko) Chrome/79.0.3945.79 Safari/537.36"
172.22.0.1 - - [13/Dec/2019:14:36:33 +0000] "GET / HTTP/1.1" 404 31914 "-" "Mozilla/5.0 (X11; Linux x86_64) AppleWebKit/537.36 (KHTML, like Gecko) Chrome/78.0.3904.108 Safari/537.36"
172.22.0.1 - - [13/Dec/2019:14:36:36 +0000] "GET / HTTP/1.1" 404 31946 "-" "Mozilla/5.0 (X11; Linux x86_64) AppleWebKit/537.36 (KHTML, like Gecko) Chrome/78.0.3904.108 Safari/537.36"
172.22.0.1 - - [13/Dec/2019:14:36:37 +0000] "GET / HTTP/1.1" 404 31946 "-" "Mozilla/5.0 (X11; Linux x86_64) AppleWebKit/537.36 (KHTML, like Gecko) Chrome/78.0.3904.108 Safari/537.36"
172.22.0.1 - - [13/Dec/2019:14:36:37 +0000] "GET / HTTP/1.1" 404 31961 "-" "Mozilla/5.0 (X11; Linux x86_64) AppleWebKit/537.36 (KHTML, like Gecko) Chrome/78.0.3904.108 Safari/537.36"
172.22.0.1 - - [13/Dec/2019:14:36:38 +0000] "GET / HTTP/1.1" 404 31961 "-" "Mozilla/5.0 (X11; Linux x86_64) AppleWebKit/537.36 (KHTML, like Gecko) Chrome/78.0.3904.108 Safari/537.36"
172.22.0.1 - - [13/Dec/2019:14:36:38 +0000] "GET / HTTP/1.1" 404 31961 "-" "Mozilla/5.0 (X11; Linux x86_64) AppleWebKit/537.36 (KHTML, like Gecko) Chrome/78.0.3904.108 Safari/537.36"
172.22.0.1 - - [13/Dec/2019:14:36:39 +0000] "GET / HTTP/1.1" 404 31945 "-" "Mozilla/5.0 (X11; Linux x86_64) AppleWebKit/537.36 (KHTML, like Gecko) Chrome/78.0.3904.108 Safari/537.36"
172.22.0.1 - - [16/Dec/2019:07:58:10 +0000] "GET /favicon.ico HTTP/1.1" 404 187048 "http://localhost:8001/" "Mozilla/5.0 (X11; Linux x86_64) AppleWebKit/537.36 (KHTML, like Gecko) Chrome/79.0.3945.79 Safari/537.36"
172.22.0.1 - - [17/Dec/2019:10:08:54 +0000] "GET /favicon.ico HTTP/1.1" 504 569 "http://localhost:8001/" "Mozilla/5.0 (X11; Linux x86_64) AppleWebKit/537.36 (KHTML, like Gecko) Chrome/79.0.3945.79 Safari/537.36"
172.22.0.1 - - [17/Dec/2019:14:46:16 +0000] "GET /list HTTP/1.1" 504 569 "-" "Mozilla/5.0 (X11; Linux x86_64) AppleWebKit/537.36 (KHTML, like Gecko) Chrome/79.0.3945.79 Safari/537.36"
172.22.0.1 - - [17/Dec/2019:14:47:16 +0000] "GET /favicon.ico HTTP/1.1" 504 569 "http://localhost:8001/list" "Mozilla/5.0 (X11; Linux x86_64) AppleWebKit/537.36 (KHTML, like Gecko) Chrome/79.0.3945.79 Safari/537.36"
172.22.0.1 - - [17/Dec/2019:14:47:24 +0000] "GET / HTTP/1.1" 504 569 "-" "Mozilla/5.0 (X11; Linux x86_64) AppleWebKit/537.36 (KHTML, like Gecko) Chrome/79.0.3945.79 Safari/537.36"
172.22.0.1 - - [17/Dec/2019:14:48:24 +0000] "GET /favicon.ico HTTP/1.1" 504 569 "http://localhost:8001/" "Mozilla/5.0 (X11; Linux x86_64) AppleWebKit/537.36 (KHTML, like Gecko) Chrome/79.0.3945.79 Safari/537.36"
172.19.0.1 - - [17/Dec/2019:14:50:28 +0000] "GET / HTTP/1.1" 499 0 "-" "Mozilla/5.0 (X11; Linux x86_64) AppleWebKit/537.36 (KHTML, like Gecko) Chrome/79.0.3945.79 Safari/537.36"
172.19.0.1 - - [17/Dec/2019:14:51:22 +0000] "GET / HTTP/1.1" 499 0 "-" "Mozilla/5.0 (X11; Linux x86_64) AppleWebKit/537.36 (KHTML, like Gecko) Chrome/79.0.3945.79 Safari/537.36"
172.19.0.1 - - [17/Dec/2019:14:52:23 +0000] "GET / HTTP/1.1" 504 569 "-" "Mozilla/5.0 (X11; Linux x86_64) AppleWebKit/537.36 (KHTML, like Gecko) Chrome/79.0.3945.79 Safari/537.36"
172.19.0.1 - - [17/Dec/2019:14:53:23 +0000] "GET /favicon.ico HTTP/1.1" 504 569 "http://localhost:8001/" "Mozilla/5.0 (X11; Linux x86_64) AppleWebKit/537.36 (KHTML, like Gecko) Chrome/79.0.3945.79 Safari/537.36"
172.19.0.1 - - [17/Dec/2019:15:01:51 +0000] "GET /list HTTP/1.1" 499 0 "-" "Mozilla/5.0 (X11; Linux x86_64) AppleWebKit/537.36 (KHTML, like Gecko) Chrome/79.0.3945.79 Safari/537.36"
172.19.0.1 - - [17/Dec/2019:15:02:44 +0000] "GET / HTTP/1.1" 499 0 "-" "Mozilla/5.0 (X11; Linux x86_64) AppleWebKit/537.36 (KHTML, like Gecko) Chrome/79.0.3945.79 Safari/537.36"
172.19.0.1 - - [17/Dec/2019:15:03:46 +0000] "GET /list HTTP/1.1" 504 569 "-" "Mozilla/5.0 (X11; Linux x86_64) AppleWebKit/537.36 (KHTML, like Gecko) Chrome/79.0.3945.79 Safari/537.36"
172.19.0.1 - - [17/Dec/2019:15:04:47 +0000] "GET /favicon.ico HTTP/1.1" 504 569 "http://localhost:8001/list" "Mozilla/5.0 (X11; Linux x86_64) AppleWebKit/537.36 (KHTML, like Gecko) Chrome/79.0.3945.79 Safari/537.36"
172.19.0.1 - - [17/Dec/2019:15:19:23 +0000] "GET /list HTTP/1.1" 504 569 "-" "Mozilla/5.0 (X11; Linux x86_64) AppleWebKit/537.36 (KHTML, like Gecko) Chrome/79.0.3945.79 Safari/537.36"
172.19.0.1 - - [17/Dec/2019:15:19:40 +0000] "GET /list HTTP/1.1" 499 0 "-" "Mozilla/5.0 (X11; Linux x86_64) AppleWebKit/537.36 (KHTML, like Gecko) Chrome/79.0.3945.79 Safari/537.36"
172.19.0.1 - - [17/Dec/2019:15:20:24 +0000] "GET /favicon.ico HTTP/1.1" 504 569 "http://localhost:8001/list" "Mozilla/5.0 (X11; Linux x86_64) AppleWebKit/537.36 (KHTML, like Gecko) Chrome/79.0.3945.79 Safari/537.36"
172.19.0.1 - - [17/Dec/2019:15:20:40 +0000] "GET / HTTP/1.1" 504 569 "-" "Mozilla/5.0 (X11; Linux x86_64) AppleWebKit/537.36 (KHTML, like Gecko) Chrome/79.0.3945.79 Safari/537.36"
172.19.0.1 - - [17/Dec/2019:15:21:40 +0000] "GET /favicon.ico HTTP/1.1" 504 569 "http://localhost:8001/" "Mozilla/5.0 (X11; Linux x86_64) AppleWebKit/537.36 (KHTML, like Gecko) Chrome/79.0.3945.79 Safari/537.36"
172.19.0.1 - - [17/Dec/2019:15:38:04 +0000] "GET / HTTP/1.1" 504 569 "-" "Mozilla/5.0 (X11; Linux x86_64) AppleWebKit/537.36 (KHTML, like Gecko) Chrome/79.0.3945.79 Safari/537.36"
172.20.0.1 - - [17/Dec/2019:15:39:52 +0000] "GET / HTTP/1.1" 499 0 "-" "Mozilla/5.0 (X11; Linux x86_64) AppleWebKit/537.36 (KHTML, like Gecko) Chrome/79.0.3945.79 Safari/537.36"
172.20.0.1 - - [17/Dec/2019:16:02:20 +0000] "GET /list HTTP/1.1" 504 569 "-" "Mozilla/5.0 (X11; Linux x86_64) AppleWebKit/537.36 (KHTML, like Gecko) Chrome/79.0.3945.79 Safari/537.36"
172.20.0.1 - - [17/Dec/2019:16:03:20 +0000] "GET /favicon.ico HTTP/1.1" 504 569 "http://localhost:8001/list" "Mozilla/5.0 (X11; Linux x86_64) AppleWebKit/537.36 (KHTML, like Gecko) Chrome/79.0.3945.79 Safari/537.36"
172.20.0.1 - - [17/Dec/2019:16:16:45 +0000] "GET /list HTTP/1.1" 200 53 "-" "Mozilla/5.0 (X11; Linux x86_64) AppleWebKit/537.36 (KHTML, like Gecko) Chrome/79.0.3945.79 Safari/537.36"
172.20.0.1 - - [17/Dec/2019:16:16:45 +0000] "GET /favicon.ico HTTP/1.1" 404 187068 "http://localhost:8001/list" "Mozilla/5.0 (X11; Linux x86_64) AppleWebKit/537.36 (KHTML, like Gecko) Chrome/79.0.3945.79 Safari/537.36"
172.20.0.1 - - [17/Dec/2019:16:16:48 +0000] "GET /list HTTP/1.1" 200 53 "-" "Mozilla/5.0 (X11; Linux x86_64) AppleWebKit/537.36 (KHTML, like Gecko) Chrome/79.0.3945.79 Safari/537.36"
172.20.0.1 - - [18/Dec/2019:07:52:16 +0000] "GET /favicon.ico HTTP/1.1" 500 479480 "http://localhost:8001/list" "Mozilla/5.0 (X11; Linux x86_64) AppleWebKit/537.36 (KHTML, like Gecko) Chrome/79.0.3945.79 Safari/537.36"
172.20.0.1 - - [18/Dec/2019:09:12:41 +0000] "GET /users/add HTTP/1.1" 500 90756 "-" "Mozilla/5.0 (X11; Linux x86_64) AppleWebKit/537.36 (KHTML, like Gecko) Chrome/79.0.3945.79 Safari/537.36"
172.20.0.1 - - [18/Dec/2019:09:12:41 +0000] "GET /robots.txt HTTP/1.1" 500 90756 "-" "Mozilla/5.0 (X11; Linux x86_64) AppleWebKit/537.36 (KHTML, like Gecko) Chrome/79.0.3945.79 Safari/537.36"
172.20.0.1 - - [18/Dec/2019:09:13:20 +0000] "GET /users/add HTTP/1.1" 500 90821 "-" "Mozilla/5.0 (X11; Linux x86_64) AppleWebKit/537.36 (KHTML, like Gecko) Chrome/79.0.3945.79 Safari/537.36"
172.20.0.1 - - [18/Dec/2019:09:26:16 +0000] "GET /users/add HTTP/1.1" 500 479480 "-" "Mozilla/5.0 (X11; Linux x86_64) AppleWebKit/537.36 (KHTML, like Gecko) Chrome/79.0.3945.79 Safari/537.36"
172.20.0.1 - - [18/Dec/2019:09:26:53 +0000] "GET /users/add HTTP/1.1" 500 479481 "-" "Mozilla/5.0 (X11; Linux x86_64) AppleWebKit/537.36 (KHTML, like Gecko) Chrome/79.0.3945.79 Safari/537.36"
172.20.0.1 - - [18/Dec/2019:09:31:09 +0000] "GET /users/add HTTP/1.1" 500 479485 "-" "Mozilla/5.0 (X11; Linux x86_64) AppleWebKit/537.36 (KHTML, like Gecko) Chrome/79.0.3945.79 Safari/537.36"
10.0.0.147 - - [18/Dec/2019:09:31:50 +0000] "GET /robots.txt HTTP/1.1" 500 479457 "-" "Mozilla/5.0 (X11; Linux x86_64) AppleWebKit/537.36 (KHTML, like Gecko) Chrome/79.0.3945.79 Safari/537.36"
10.0.0.147 - - [18/Dec/2019:09:31:50 +0000] "GET /users/add?name=Jamet&firstname=Karine&mail=karine.jamet203@gmail.com HTTP/1.1" 500 479457 "-" "Mozilla/5.0 (X11; Linux x86_64) AppleWebKit/537.36 (KHTML, like Gecko) Chrome/79.0.3945.79 Safari/537.36"
10.0.0.147 - - [18/Dec/2019:09:31:58 +0000] "POST /users/add?name=Jamet&firstname=Karine&mail=karine.jamet203@gmail.com HTTP/1.1" 500 479485 "-" "PostmanRuntime/7.20.1"
172.20.0.1 - - [18/Dec/2019:09:32:30 +0000] "GET /list HTTP/1.1" 500 479485 "-" "Mozilla/5.0 (X11; Linux x86_64) AppleWebKit/537.36 (KHTML, like Gecko) Chrome/79.0.3945.79 Safari/537.36"
172.20.0.1 - - [18/Dec/2019:09:33:23 +0000] "GET /list HTTP/1.1" 500 479481 "-" "Mozilla/5.0 (X11; Linux x86_64) AppleWebKit/537.36 (KHTML, like Gecko) Chrome/79.0.3945.79 Safari/537.36"
172.20.0.1 - - [18/Dec/2019:09:42:23 +0000] "GET /list HTTP/1.1" 500 479485 "-" "Mozilla/5.0 (X11; Linux x86_64) AppleWebKit/537.36 (KHTML, like Gecko) Chrome/79.0.3945.79 Safari/537.36"
10.0.0.147 - - [18/Dec/2019:09:43:02 +0000] "POST /users/add?name=Jamet&firstname=Karine&mail=karine.jamet203@gmail.com HTTP/1.1" 500 479485 "-" "PostmanRuntime/7.20.1"
10.0.0.147 - - [18/Dec/2019:09:43:09 +0000] "POST /users/add?name=Jamet&firstname=Karine&mail=karine.jamet203@gmail.com HTTP/1.1" 500 479485 "-" "PostmanRuntime/7.20.1"
172.20.0.1 - - [18/Dec/2019:09:43:22 +0000] "GET /list HTTP/1.1" 500 479457 "-" "Mozilla/5.0 (X11; Linux x86_64) AppleWebKit/537.36 (KHTML, like Gecko) Chrome/79.0.3945.79 Safari/537.36"
10.0.0.147 - - [18/Dec/2019:09:43:44 +0000] "POST /users/add?name=Jamet&firstname=Karine&mail=karine.jamet203@gmail.com HTTP/1.1" 500 479399 "-" "PostmanRuntime/7.20.1"
10.0.0.147 - - [18/Dec/2019:09:44:15 +0000] "POST /users/add?name=Jamet&firstname=Karine&mail=karine.jamet203@gmail.com HTTP/1.1" 500 79315 "-" "PostmanRuntime/7.20.1"
10.0.0.147 - - [18/Dec/2019:09:57:03 +0000] "POST /users/add?name=Jamet&firstname=Karine&mail=karine.jamet203@gmail.com HTTP/1.1" 500 78767 "-" "PostmanRuntime/7.20.1"
10.0.0.147 - - [18/Dec/2019:10:06:55 +0000] "POST /users/add?name=Jamet&firstname=Karine&mail=karine.jamet203@gmail.com HTTP/1.1" 500 79315 "-" "PostmanRuntime/7.20.1"
10.0.0.147 - - [18/Dec/2019:10:09:41 +0000] "POST /users/add?name=Jamet&firstname=Karine&mail=karine.jamet203@gmail.com HTTP/1.1" 500 78768 "-" "PostmanRuntime/7.20.1"
10.0.0.147 - - [18/Dec/2019:10:10:20 +0000] "POST /users/add?name=Jamet&firstname=Karine&mail=karine.jamet203@gmail.com HTTP/1.1" 500 90761 "-" "PostmanRuntime/7.20.1"
10.0.0.147 - - [18/Dec/2019:10:10:41 +0000] "POST /users/add?name=Jamet&firstname=Karine&mail=karine.jamet203@gmail.com HTTP/1.1" 500 111431 "-" "PostmanRuntime/7.20.1"
10.0.0.147 - - [18/Dec/2019:10:10:59 +0000] "POST /users/add?name=Jamet&firstname=Karine&mail=karine.jamet203@gmail.com HTTP/1.1" 500 78798 "-" "PostmanRuntime/7.20.1"
10.0.0.147 - - [18/Dec/2019:10:11:14 +0000] "POST /users/add?name=Jamet&firstname=Karine&mail=karine.jamet203@gmail.com HTTP/1.1" 500 111408 "-" "PostmanRuntime/7.20.1"
10.0.0.147 - - [18/Dec/2019:10:12:20 +0000] "POST /users/add?name=Jamet&firstname=Karine&mail=karine.jamet203@gmail.com HTTP/1.1" 500 89244 "-" "PostmanRuntime/7.20.1"
10.0.0.147 - - [18/Dec/2019:10:12:34 +0000] "POST /users/add?name=Jamet&firstname=Karine&mail=karine.jamet203@gmail.com HTTP/1.1" 500 111431 "-" "PostmanRuntime/7.20.1"
10.0.0.147 - - [18/Dec/2019:10:14:56 +0000] "POST /users/add?name=Jamet&firstname=Karine&mail=karine.jamet203@gmail.com HTTP/1.1" 500 78767 "-" "PostmanRuntime/7.20.1"
10.0.0.147 - - [18/Dec/2019:10:20:24 +0000] "POST /users/add?name=Jamet&firstname=Karine&mail=karine.jamet203@gmail.com HTTP/1.1" 500 79330 "-" "PostmanRuntime/7.20.1"
10.0.0.147 - - [18/Dec/2019:10:20:28 +0000] "POST /users/add?name=Jamet&firstname=Karine&mail=karine.jamet203@gmail.com HTTP/1.1" 500 79330 "-" "PostmanRuntime/7.20.1"
10.0.0.147 - - [18/Dec/2019:10:24:01 +0000] "POST /users/add?name=Jamet&firstname=Karine&mail=karine.jamet203@gmail.com HTTP/1.1" 500 79307 "-" "PostmanRuntime/7.20.1"
10.0.0.147 - - [18/Dec/2019:10:27:18 +0000] "POST /users/add?name=Jamet&firstname=Karine&mail=karine.jamet203@gmail.com HTTP/1.1" 500 263376 "-" "PostmanRuntime/7.20.1"
10.0.0.147 - - [18/Dec/2019:10:28:45 +0000] "POST /users/add?name=Jamet&firstname=Karine&mail=karine.jamet203@gmail.com HTTP/1.1" 500 263369 "-" "PostmanRuntime/7.20.1"
172.20.0.1 - - [18/Dec/2019:10:29:25 +0000] "GET /phpmyadmin HTTP/1.1" 404 186833 "-" "Mozilla/5.0 (X11; Linux x86_64) AppleWebKit/537.36 (KHTML, like Gecko) Chrome/79.0.3945.79 Safari/537.36"
172.20.0.1 - - [18/Dec/2019:10:35:47 +0000] "GET /list HTTP/1.1" 404 186792 "-" "Mozilla/5.0 (X11; Linux x86_64) AppleWebKit/537.36 (KHTML, like Gecko) Chrome/79.0.3945.79 Safari/537.36"
172.20.0.1 - - [18/Dec/2019:10:35:56 +0000] "GET /jokes/list HTTP/1.1" 500 96617 "-" "Mozilla/5.0 (X11; Linux x86_64) AppleWebKit/537.36 (KHTML, like Gecko) Chrome/79.0.3945.79 Safari/537.36"
10.0.0.147 - - [18/Dec/2019:10:44:20 +0000] "POST /users/add?name=Jamet&firstname=Karine&mail=karine.jamet203@gmail.com HTTP/1.1" 500 263367 "-" "PostmanRuntime/7.20.1"
10.0.0.147 - - [18/Dec/2019:10:44:56 +0000] "POST /users/add?name=Jamet&firstname=Karine&mail=karine.jamet203@gmail.com HTTP/1.1" 500 263337 "-" "PostmanRuntime/7.20.1"
10.0.0.147 - - [18/Dec/2019:11:08:01 +0000] "POST /users/add?name=Jamet&firstname=Karine&mail=karine.jamet203@gmail.com HTTP/1.1" 200 18 "-" "PostmanRuntime/7.20.1"
10.0.0.147 - - [18/Dec/2019:11:09:32 +0000] "POST /users/add?name=Jamet&firstname=Karine&mail=karine.jamet203@gmail.com HTTP/1.1" 200 18 "-" "PostmanRuntime/7.20.1"
10.0.0.147 - - [18/Dec/2019:11:15:37 +0000] "POST /users/add?name=Jamet&firstname=Karine&mail=karine.jamet203@gmail.com HTTP/1.1" 200 45 "-" "PostmanRuntime/7.20.1"
10.0.0.147 - - [18/Dec/2019:11:18:43 +0000] "GET /users/list HTTP/1.1" 200 17 "-" "PostmanRuntime/7.20.1"
172.20.0.1 - - [18/Dec/2019:11:22:59 +0000] "GET /users/list HTTP/1.1" 200 18771487 "-" "Mozilla/5.0 (X11; Linux x86_64) AppleWebKit/537.36 (KHTML, like Gecko) Chrome/79.0.3945.79 Safari/537.36"
10.0.0.147 - - [18/Dec/2019:11:26:49 +0000] "GET /users/list HTTP/1.1" 500 78583 "-" "PostmanRuntime/7.20.1"
10.0.0.147 - - [18/Dec/2019:11:27:26 +0000] "GET /users/list HTTP/1.1" 500 77628 "-" "PostmanRuntime/7.20.1"
10.0.0.147 - - [18/Dec/2019:11:27:28 +0000] "GET /users/list HTTP/1.1" 200 399 "-" "PostmanRuntime/7.20.1"
10.0.0.147 - - [18/Dec/2019:11:30:26 +0000] "GET /users/list HTTP/1.1" 200 216 "-" "PostmanRuntime/7.20.1"
10.0.0.147 - - [18/Dec/2019:12:58:41 +0000] "POST /users/login?mail=karine.jamet203@gmail.com HTTP/1.1" 200 18 "-" "PostmanRuntime/7.20.1"
10.0.0.147 - - [18/Dec/2019:12:58:47 +0000] "POST /users/login?mail=kane.jamet203@gmail.com HTTP/1.1" 200 51 "-" "PostmanRuntime/7.20.1"
10.0.0.147 - - [18/Dec/2019:13:20:36 +0000] "POST /jokes/list HTTP/1.1" 500 77582 "-" "PostmanRuntime/7.20.1"
10.0.0.147 - - [18/Dec/2019:13:20:43 +0000] "GET /jokes/list HTTP/1.1" 500 77582 "-" "PostmanRuntime/7.20.1"
10.0.0.147 - - [18/Dec/2019:13:21:10 +0000] "GET /jokes/list HTTP/1.1" 500 102657 "-" "PostmanRuntime/7.20.1"
10.0.0.147 - - [18/Dec/2019:13:21:43 +0000] "GET /jokes/list HTTP/1.1" 200 12 "-" "PostmanRuntime/7.20.1"
10.0.0.54 - - [18/Dec/2019:13:26:37 +0000] "GET /users/list HTTP/1.1" 200 216 "http://localhost:3000/" "Mozilla/5.0 (Windows NT 10.0; Win64; x64) AppleWebKit/537.36 (KHTML, like Gecko) Chrome/79.0.3945.79 Safari/537.36"
10.0.0.54 - - [18/Dec/2019:13:32:28 +0000] "GET /users/list HTTP/1.1" 200 216 "http://localhost:3000/" "Mozilla/5.0 (Windows NT 10.0; Win64; x64) AppleWebKit/537.36 (KHTML, like Gecko) Chrome/79.0.3945.79 Safari/537.36"
10.0.0.54 - - [18/Dec/2019:13:33:20 +0000] "GET /users/list HTTP/1.1" 200 216 "http://localhost:3000/" "Mozilla/5.0 (Windows NT 10.0; Win64; x64) AppleWebKit/537.36 (KHTML, like Gecko) Chrome/79.0.3945.79 Safari/537.36"
10.0.0.54 - - [18/Dec/2019:13:36:36 +0000] "GET /users/list HTTP/1.1" 404 555 "http://localhost:3000/" "Mozilla/5.0 (Windows NT 10.0; Win64; x64) AppleWebKit/537.36 (KHTML, like Gecko) Chrome/79.0.3945.79 Safari/537.36"
10.0.0.54 - - [18/Dec/2019:13:36:41 +0000] "GET /users/list HTTP/1.1" 404 555 "http://localhost:3000/" "Mozilla/5.0 (Windows NT 10.0; Win64; x64) AppleWebKit/537.36 (KHTML, like Gecko) Chrome/79.0.3945.79 Safari/537.36"
10.0.0.147 - - [18/Dec/2019:13:36:59 +0000] "GET /jokes/list HTTP/1.1" 404 153 "-" "PostmanRuntime/7.20.1"
10.0.0.147 - - [18/Dec/2019:13:37:01 +0000] "GET /jokes/list HTTP/1.1" 404 153 "-" "PostmanRuntime/7.20.1"
10.0.0.147 - - [18/Dec/2019:13:37:39 +0000] "GET /jokes/list HTTP/1.1" 200 12 "-" "PostmanRuntime/7.20.1"
10.0.0.147 - - [18/Dec/2019:13:37:40 +0000] "GET /jokes/list HTTP/1.1" 200 12 "-" "PostmanRuntime/7.20.1"
10.0.0.147 - - [18/Dec/2019:13:37:42 +0000] "GET /jokes/list HTTP/1.1" 200 12 "-" "PostmanRuntime/7.20.1"
10.0.0.54 - - [18/Dec/2019:13:37:48 +0000] "GET /users/list HTTP/1.1" 200 216 "http://localhost:3000/" "Mozilla/5.0 (Windows NT 10.0; Win64; x64) AppleWebKit/537.36 (KHTML, like Gecko) Chrome/79.0.3945.79 Safari/537.36"
10.0.0.54 - - [18/Dec/2019:13:43:11 +0000] "GET /users/list HTTP/1.1" 200 216 "http://localhost:3000/" "Mozilla/5.0 (Windows NT 10.0; Win64; x64) AppleWebKit/537.36 (KHTML, like Gecko) Chrome/79.0.3945.79 Safari/537.36"
10.0.0.147 - - [18/Dec/2019:13:45:46 +0000] "GET /jokes/list HTTP/1.1" 200 12 "-" "PostmanRuntime/7.20.1"
10.0.0.54 - - [18/Dec/2019:13:47:57 +0000] "GET /users/list HTTP/1.1" 200 216 "http://localhost:3000/" "Mozilla/5.0 (Windows NT 10.0; Win64; x64) AppleWebKit/537.36 (KHTML, like Gecko) Chrome/79.0.3945.79 Safari/537.36"
10.0.0.147 - - [18/Dec/2019:13:52:10 +0000] "GET /jokes/list HTTP/1.1" 200 12 "-" "PostmanRuntime/7.20.1"
10.0.0.54 - - [18/Dec/2019:14:00:00 +0000] "GET /users/list HTTP/1.1" 200 216 "http://localhost:3000/" "Mozilla/5.0 (Windows NT 10.0; Win64; x64) AppleWebKit/537.36 (KHTML, like Gecko) Chrome/79.0.3945.79 Safari/537.36"
10.0.0.54 - - [18/Dec/2019:14:00:48 +0000] "OPTIONS /users/list HTTP/1.1" 200 5 "http://localhost:3000/" "Mozilla/5.0 (Windows NT 10.0; Win64; x64) AppleWebKit/537.36 (KHTML, like Gecko) Chrome/79.0.3945.79 Safari/537.36"
10.0.0.54 - - [18/Dec/2019:14:00:50 +0000] "OPTIONS /users/list HTTP/1.1" 200 5 "http://localhost:3000/" "Mozilla/5.0 (Windows NT 10.0; Win64; x64) AppleWebKit/537.36 (KHTML, like Gecko) Chrome/79.0.3945.79 Safari/537.36"
10.0.0.54 - - [18/Dec/2019:14:01:23 +0000] "OPTIONS /users/list HTTP/1.1" 200 5 "http://localhost:3000/" "Mozilla/5.0 (Windows NT 10.0; Win64; x64) AppleWebKit/537.36 (KHTML, like Gecko) Chrome/79.0.3945.79 Safari/537.36"
10.0.0.147 - - [18/Dec/2019:14:02:49 +0000] "POST /jokes/add?text=C%27est%20un%20mec%20qui%20rentre%20dans%20un%20caf%C3%A9%20et%20Plouf&authorId=1&date=2019-12-14 HTTP/1.1" 500 83403 "-" "PostmanRuntime/7.20.1"
10.0.0.83 - - [18/Dec/2019:14:03:55 +0000] "GET /jokes/list HTTP/1.1" 200 12 "-" "PostmanRuntime/7.20.1"
10.0.0.54 - - [18/Dec/2019:14:04:03 +0000] "OPTIONS /users/list HTTP/1.1" 200 5 "http://localhost:3000/" "Mozilla/5.0 (Windows NT 10.0; Win64; x64) AppleWebKit/537.36 (KHTML, like Gecko) Chrome/79.0.3945.79 Safari/537.36"
10.0.0.54 - - [18/Dec/2019:14:04:27 +0000] "OPTIONS /users/list HTTP/1.1" 200 5 "http://localhost:3000/" "Mozilla/5.0 (Windows NT 10.0; Win64; x64) AppleWebKit/537.36 (KHTML, like Gecko) Chrome/79.0.3945.79 Safari/537.36"
10.0.0.54 - - [18/Dec/2019:14:07:25 +0000] "OPTIONS /users/list HTTP/1.1" 200 5 "http://localhost:3000/" "Mozilla/5.0 (Windows NT 10.0; Win64; x64) AppleWebKit/537.36 (KHTML, like Gecko) Chrome/79.0.3945.79 Safari/537.36"
10.0.0.54 - - [18/Dec/2019:14:07:44 +0000] "OPTIONS /users/list HTTP/1.1" 200 5 "http://localhost:3000/" "Mozilla/5.0 (Windows NT 10.0; Win64; x64) AppleWebKit/537.36 (KHTML, like Gecko) Chrome/79.0.3945.79 Safari/537.36"
10.0.0.54 - - [18/Dec/2019:14:10:17 +0000] "OPTIONS /users/list HTTP/1.1" 200 5 "http://localhost:3000/" "Mozilla/5.0 (Windows NT 10.0; Win64; x64) AppleWebKit/537.36 (KHTML, like Gecko) Chrome/79.0.3945.79 Safari/537.36"
10.0.0.54 - - [18/Dec/2019:14:10:32 +0000] "OPTIONS /users/list HTTP/1.1" 200 5 "http://localhost:3000/" "Mozilla/5.0 (Windows NT 10.0; Win64; x64) AppleWebKit/537.36 (KHTML, like Gecko) Chrome/79.0.3945.79 Safari/537.36"
10.0.0.54 - - [18/Dec/2019:14:10:46 +0000] "OPTIONS /users/list HTTP/1.1" 200 5 "http://localhost:3000/" "Mozilla/5.0 (Windows NT 10.0; Win64; x64) AppleWebKit/537.36 (KHTML, like Gecko) Chrome/79.0.3945.79 Safari/537.36"
10.0.0.54 - - [18/Dec/2019:14:11:03 +0000] "GET /users/list HTTP/1.1" 200 216 "http://localhost:3000/" "Mozilla/5.0 (Windows NT 10.0; Win64; x64) AppleWebKit/537.36 (KHTML, like Gecko) Chrome/79.0.3945.79 Safari/537.36"
10.0.0.147 - - [18/Dec/2019:14:13:51 +0000] "POST /jokes/add?text=C%27est%20un%20mec%20qui%20rentre%20dans%20un%20caf%C3%A9%20et%20Plouf&authorId=1&date=2019-12-14 HTTP/1.1" 500 79057 "-" "PostmanRuntime/7.20.1"
10.0.0.147 - - [18/Dec/2019:14:15:48 +0000] "POST /jokes/add?text=C%27est%20un%20mec%20qui%20rentre%20dans%20un%20caf%C3%A9%20et%20Plouf&authorId=1&date=2019-12-14 HTTP/1.1" 200 18 "-" "PostmanRuntime/7.20.1"
10.0.0.54 - - [18/Dec/2019:14:17:06 +0000] "GET /users/list HTTP/1.1" 500 6378 "http://localhost:3000/" "Mozilla/5.0 (Windows NT 10.0; Win64; x64) AppleWebKit/537.36 (KHTML, like Gecko) Chrome/79.0.3945.79 Safari/537.36"
10.0.0.54 - - [18/Dec/2019:14:17:09 +0000] "GET /users/list HTTP/1.1" 500 6378 "http://localhost:3000/" "Mozilla/5.0 (Windows NT 10.0; Win64; x64) AppleWebKit/537.36 (KHTML, like Gecko) Chrome/79.0.3945.79 Safari/537.36"
10.0.0.54 - - [18/Dec/2019:14:17:16 +0000] "GET /users/list HTTP/1.1" 500 6378 "http://localhost:3000/" "Mozilla/5.0 (Windows NT 10.0; Win64; x64) AppleWebKit/537.36 (KHTML, like Gecko) Chrome/79.0.3945.79 Safari/537.36"
10.0.0.54 - - [18/Dec/2019:14:17:27 +0000] "GET /users/list HTTP/1.1" 500 6372 "http://localhost:3000/" "Mozilla/5.0 (Windows NT 10.0; Win64; x64) AppleWebKit/537.36 (KHTML, like Gecko) Chrome/79.0.3945.79 Safari/537.36"
10.0.0.54 - - [18/Dec/2019:14:17:59 +0000] "GET /users/list HTTP/1.1" 500 6378 "http://localhost:3000/" "Mozilla/5.0 (Windows NT 10.0; Win64; x64) AppleWebKit/537.36 (KHTML, like Gecko) Chrome/79.0.3945.79 Safari/537.36"
10.0.0.54 - - [18/Dec/2019:14:18:16 +0000] "GET /users/list HTTP/1.1" 500 6378 "http://localhost:3000/" "Mozilla/5.0 (Windows NT 10.0; Win64; x64) AppleWebKit/537.36 (KHTML, like Gecko) Chrome/79.0.3945.79 Safari/537.36"
10.0.0.54 - - [18/Dec/2019:14:18:34 +0000] "GET /users/list HTTP/1.1" 500 6372 "http://localhost:3000/" "Mozilla/5.0 (Windows NT 10.0; Win64; x64) AppleWebKit/537.36 (KHTML, like Gecko) Chrome/79.0.3945.79 Safari/537.36"
10.0.0.54 - - [18/Dec/2019:14:18:40 +0000] "GET /users/list HTTP/1.1" 500 6378 "http://localhost:3000/" "Mozilla/5.0 (Windows NT 10.0; Win64; x64) AppleWebKit/537.36 (KHTML, like Gecko) Chrome/79.0.3945.79 Safari/537.36"
10.0.0.147 - - [18/Dec/2019:14:18:40 +0000] "POST /users/list HTTP/1.1" 500 144524 "-" "PostmanRuntime/7.20.1"
10.0.0.54 - - [18/Dec/2019:14:19:41 +0000] "GET /users/list HTTP/1.1" 500 6378 "http://localhost:3000/" "Mozilla/5.0 (Windows NT 10.0; Win64; x64) AppleWebKit/537.36 (KHTML, like Gecko) Chrome/79.0.3945.79 Safari/537.36"
10.0.0.54 - - [18/Dec/2019:14:20:27 +0000] "GET /users/list HTTP/1.1" 500 6378 "http://localhost:3000/" "Mozilla/5.0 (Windows NT 10.0; Win64; x64) AppleWebKit/537.36 (KHTML, like Gecko) Chrome/79.0.3945.79 Safari/537.36"
10.0.0.147 - - [18/Dec/2019:14:22:29 +0000] "POST /users/list HTTP/1.1" 200 172 "-" "PostmanRuntime/7.20.1"
10.0.0.54 - - [18/Dec/2019:14:22:45 +0000] "GET /babel/parser/lib/index.js HTTP/1.1" 404 187221 "http://localhost:3000/" "Mozilla/5.0 (Windows NT 10.0; Win64; x64) AppleWebKit/537.36 (KHTML, like Gecko) Chrome/79.0.3945.79 Safari/537.36"
10.0.0.54 - - [18/Dec/2019:14:25:19 +0000] "GET /users/list HTTP/1.1" 200 172 "http://localhost:3000/" "Mozilla/5.0 (Windows NT 10.0; Win64; x64) AppleWebKit/537.36 (KHTML, like Gecko) Chrome/79.0.3945.79 Safari/537.36"
10.0.0.54 - - [18/Dec/2019:14:25:23 +0000] "GET /users/list HTTP/1.1" 200 172 "http://localhost:3000/" "Mozilla/5.0 (Windows NT 10.0; Win64; x64) AppleWebKit/537.36 (KHTML, like Gecko) Chrome/79.0.3945.79 Safari/537.36"
10.0.0.54 - - [18/Dec/2019:14:25:34 +0000] "GET /users/list HTTP/1.1" 200 172 "http://localhost:3000/" "Mozilla/5.0 (Windows NT 10.0; Win64; x64) AppleWebKit/537.36 (KHTML, like Gecko) Chrome/79.0.3945.79 Safari/537.36"
10.0.0.54 - - [18/Dec/2019:14:26:18 +0000] "GET /users/list HTTP/1.1" 200 172 "http://localhost:3000/" "Mozilla/5.0 (Windows NT 10.0; Win64; x64) AppleWebKit/537.36 (KHTML, like Gecko) Chrome/79.0.3945.79 Safari/537.36"
10.0.0.54 - - [18/Dec/2019:14:26:29 +0000] "GET /users/list HTTP/1.1" 200 172 "http://localhost:3000/" "Mozilla/5.0 (Windows NT 10.0; Win64; x64) AppleWebKit/537.36 (KHTML, like Gecko) Chrome/79.0.3945.79 Safari/537.36"
10.0.0.54 - - [18/Dec/2019:14:27:08 +0000] "GET /users/list HTTP/1.1" 200 172 "http://localhost:3000/" "Mozilla/5.0 (Windows NT 10.0; Win64; x64) AppleWebKit/537.36 (KHTML, like Gecko) Chrome/79.0.3945.79 Safari/537.36"
10.0.0.54 - - [18/Dec/2019:14:27:26 +0000] "GET /users/list HTTP/1.1" 200 172 "http://localhost:3000/" "Mozilla/5.0 (Windows NT 10.0; Win64; x64) AppleWebKit/537.36 (KHTML, like Gecko) Chrome/79.0.3945.79 Safari/537.36"
10.0.0.147 - - [18/Dec/2019:14:29:07 +0000] "POST /users/list HTTP/1.1" 500 153539 "-" "PostmanRuntime/7.20.1"
10.0.0.147 - - [18/Dec/2019:14:29:23 +0000] "POST /users/list HTTP/1.1" 200 555 "-" "PostmanRuntime/7.20.1"
10.0.0.54 - - [18/Dec/2019:14:30:48 +0000] "GET /users/list HTTP/1.1" 200 555 "http://localhost:3000/" "Mozilla/5.0 (Windows NT 10.0; Win64; x64) AppleWebKit/537.36 (KHTML, like Gecko) Chrome/79.0.3945.79 Safari/537.36"
10.0.0.54 - - [18/Dec/2019:14:30:48 +0000] "GET /users/list HTTP/1.1" 200 555 "http://localhost:3000/" "Mozilla/5.0 (Windows NT 10.0; Win64; x64) AppleWebKit/537.36 (KHTML, like Gecko) Chrome/79.0.3945.79 Safari/537.36"
10.0.0.54 - - [18/Dec/2019:14:32:12 +0000] "GET /users/list HTTP/1.1" 200 555 "http://localhost:3000/" "Mozilla/5.0 (Windows NT 10.0; Win64; x64) AppleWebKit/537.36 (KHTML, like Gecko) Chrome/79.0.3945.79 Safari/537.36"
10.0.0.54 - - [18/Dec/2019:14:32:12 +0000] "GET /users/list HTTP/1.1" 200 555 "http://localhost:3000/" "Mozilla/5.0 (Windows NT 10.0; Win64; x64) AppleWebKit/537.36 (KHTML, like Gecko) Chrome/79.0.3945.79 Safari/537.36"
10.0.0.54 - - [18/Dec/2019:14:32:15 +0000] "GET /users/list HTTP/1.1" 200 555 "http://localhost:3000/" "Mozilla/5.0 (Windows NT 10.0; Win64; x64) AppleWebKit/537.36 (KHTML, like Gecko) Chrome/79.0.3945.79 Safari/537.36"
10.0.0.54 - - [18/Dec/2019:14:32:15 +0000] "GET /users/list HTTP/1.1" 200 555 "http://localhost:3000/" "Mozilla/5.0 (Windows NT 10.0; Win64; x64) AppleWebKit/537.36 (KHTML, like Gecko) Chrome/79.0.3945.79 Safari/537.36"
10.0.0.54 - - [18/Dec/2019:14:32:21 +0000] "GET /users/list HTTP/1.1" 200 555 "http://localhost:3000/" "Mozilla/5.0 (Windows NT 10.0; Win64; x64) AppleWebKit/537.36 (KHTML, like Gecko) Chrome/79.0.3945.79 Safari/537.36"
10.0.0.54 - - [18/Dec/2019:14:32:21 +0000] "GET /users/list HTTP/1.1" 200 555 "http://localhost:3000/" "Mozilla/5.0 (Windows NT 10.0; Win64; x64) AppleWebKit/537.36 (KHTML, like Gecko) Chrome/79.0.3945.79 Safari/537.36"
10.0.0.54 - - [18/Dec/2019:14:32:25 +0000] "GET /users/list HTTP/1.1" 200 555 "http://localhost:3000/" "Mozilla/5.0 (Windows NT 10.0; Win64; x64) AppleWebKit/537.36 (KHTML, like Gecko) Chrome/79.0.3945.79 Safari/537.36"
10.0.0.54 - - [18/Dec/2019:14:32:32 +0000] "GET /users/list HTTP/1.1" 200 555 "http://localhost:3000/" "Mozilla/5.0 (Windows NT 10.0; Win64; x64) AppleWebKit/537.36 (KHTML, like Gecko) Chrome/79.0.3945.79 Safari/537.36"
10.0.0.54 - - [18/Dec/2019:14:33:53 +0000] "GET /users/list HTTP/1.1" 200 555 "http://localhost:3000/" "Mozilla/5.0 (Windows NT 10.0; Win64; x64) AppleWebKit/537.36 (KHTML, like Gecko) Chrome/79.0.3945.79 Safari/537.36"
10.0.0.54 - - [18/Dec/2019:14:34:15 +0000] "GET /users/list HTTP/1.1" 200 555 "http://localhost:3000/" "Mozilla/5.0 (Windows NT 10.0; Win64; x64) AppleWebKit/537.36 (KHTML, like Gecko) Chrome/79.0.3945.79 Safari/537.36"
10.0.0.54 - - [18/Dec/2019:14:36:13 +0000] "GET /users/list HTTP/1.1" 200 555 "http://localhost:3000/" "Mozilla/5.0 (Windows NT 10.0; Win64; x64) AppleWebKit/537.36 (KHTML, like Gecko) Chrome/79.0.3945.79 Safari/537.36"
10.0.0.54 - - [18/Dec/2019:14:36:13 +0000] "GET /users/list HTTP/1.1" 200 555 "http://localhost:3000/" "Mozilla/5.0 (Windows NT 10.0; Win64; x64) AppleWebKit/537.36 (KHTML, like Gecko) Chrome/79.0.3945.79 Safari/537.36"
10.0.0.54 - - [18/Dec/2019:14:37:08 +0000] "GET /users/list HTTP/1.1" 200 555 "http://localhost:3000/" "Mozilla/5.0 (Windows NT 10.0; Win64; x64) AppleWebKit/537.36 (KHTML, like Gecko) Chrome/79.0.3945.79 Safari/537.36"
